../Core/Src/main.c:264:6:HAL_UART_RxCpltCallback	16	static
../Core/Src/main.c:291:6:HAL_TIM_PeriodElapsedCallback	16	static
../Core/Src/main.c:302:6:HAL_ADC_ConvCpltCallback	16	static
../Core/Src/main.c:319:5:main	168	static
../Core/Src/main.c:796:6:SystemClock_Config	88	static
../Core/Src/main.c:843:13:MX_ADC1_Init	24	static
../Core/Src/main.c:895:13:MX_I2C1_Init	8	static
../Core/Src/main.c:929:13:MX_SPI1_Init	8	static
../Core/Src/main.c:967:13:MX_TIM11_Init	8	static
../Core/Src/main.c:998:13:MX_UART4_Init	8	static
../Core/Src/main.c:1031:13:MX_USART2_UART_Init	8	static
../Core/Src/main.c:1064:13:MX_USART3_UART_Init	8	static
../Core/Src/main.c:1097:13:MX_GPIO_Init	48	static
../Core/Src/main.c:1161:6:E220_CONFIG	40	static
../Core/Src/main.c:1199:8:distance_in_m	136	static
../Core/Src/main.c:1217:8:toRadians	16	static
../Core/Src/main.c:1221:8:calculateAngle	112	static
../Core/Src/main.c:1232:6:NEXTION_SendString	72	static
../Core/Src/main.c:1241:6:NEXTION_SendNum	24	static
../Core/Src/main.c:1251:6:NEXTION_SendFloat	48	static
../Core/Src/main.c:1268:6:Nextion_SendCommand	24	static
../Core/Src/main.c:1275:6:Nextion_SendFloatToTextbox	96	static
../Core/Src/main.c:1289:6:HYI_BUFFER_Fill	4	static
../Core/Src/main.c:1373:6:Payload_union_converter	24	static
../Core/Src/main.c:1453:6:Enum_State_bs	8	static
../Core/Src/main.c:1565:6:Enum_State_s	8	static
../Core/Src/main.c:1674:6:Error_Handler	4	static,ignoring_inline_asm
