../Core/Src/main.c:189:6:HAL_UART_RxCpltCallback	16	static
../Core/Src/main.c:221:5:main	136	static
../Core/Src/main.c:517:6:SystemClock_Config	88	static
../Core/Src/main.c:564:13:MX_ADC1_Init	24	static
../Core/Src/main.c:616:13:MX_I2C1_Init	8	static
../Core/Src/main.c:650:13:MX_SPI1_Init	8	static
../Core/Src/main.c:688:13:MX_UART4_Init	8	static
../Core/Src/main.c:721:13:MX_USART2_UART_Init	8	static
../Core/Src/main.c:754:13:MX_USART3_UART_Init	8	static
../Core/Src/main.c:787:13:MX_GPIO_Init	48	static
../Core/Src/main.c:851:6:E220_CONFIG	40	static
../Core/Src/main.c:889:8:distance_in_m	136	static
../Core/Src/main.c:907:8:toRadians	16	static
../Core/Src/main.c:911:8:calculateAngle	112	static
../Core/Src/main.c:922:6:NEXTION_SendString	72	static
../Core/Src/main.c:931:6:NEXTION_SendNum	24	static
../Core/Src/main.c:941:6:NEXTION_SendFloat	48	static
../Core/Src/main.c:958:6:HYI_BUFFER_Fill	4	static
../Core/Src/main.c:973:6:Payload_union_converter	24	static
../Core/Src/main.c:1060:6:Error_Handler	4	static,ignoring_inline_asm
