../Core/Src/main.c:219:6:HAL_UART_RxCpltCallback	16	static
../Core/Src/main.c:251:5:main	136	static
../Core/Src/main.c:605:6:SystemClock_Config	88	static
../Core/Src/main.c:652:13:MX_ADC1_Init	24	static
../Core/Src/main.c:704:13:MX_I2C1_Init	8	static
../Core/Src/main.c:738:13:MX_SPI1_Init	8	static
../Core/Src/main.c:776:13:MX_UART4_Init	8	static
../Core/Src/main.c:809:13:MX_USART2_UART_Init	8	static
../Core/Src/main.c:842:13:MX_USART3_UART_Init	8	static
../Core/Src/main.c:875:13:MX_GPIO_Init	48	static
../Core/Src/main.c:939:6:E220_CONFIG	40	static
../Core/Src/main.c:977:8:distance_in_m	136	static
../Core/Src/main.c:995:8:toRadians	16	static
../Core/Src/main.c:999:8:calculateAngle	112	static
../Core/Src/main.c:1010:6:NEXTION_SendString	72	static
../Core/Src/main.c:1019:6:NEXTION_SendNum	24	static
../Core/Src/main.c:1029:6:NEXTION_SendFloat	48	static
../Core/Src/main.c:1046:6:Nextion_SendCommand	24	static
../Core/Src/main.c:1053:6:Nextion_SendFloatToTextbox	96	static
../Core/Src/main.c:1067:6:HYI_BUFFER_Fill	4	static
../Core/Src/main.c:1082:6:Payload_union_converter	24	static
../Core/Src/main.c:1162:6:Enum_State_bs	8	static
../Core/Src/main.c:1262:6:Enum_State_s	8	static
../Core/Src/main.c:1359:6:Error_Handler	4	static,ignoring_inline_asm
