../Core/Src/main.c:217:6:HAL_UART_RxCpltCallback	16	static
../Core/Src/main.c:249:5:main	136	static
../Core/Src/main.c:599:6:SystemClock_Config	88	static
../Core/Src/main.c:646:13:MX_ADC1_Init	24	static
../Core/Src/main.c:698:13:MX_I2C1_Init	8	static
../Core/Src/main.c:732:13:MX_SPI1_Init	8	static
../Core/Src/main.c:770:13:MX_UART4_Init	8	static
../Core/Src/main.c:803:13:MX_USART2_UART_Init	8	static
../Core/Src/main.c:836:13:MX_USART3_UART_Init	8	static
../Core/Src/main.c:869:13:MX_GPIO_Init	48	static
../Core/Src/main.c:933:6:E220_CONFIG	40	static
../Core/Src/main.c:971:8:distance_in_m	136	static
../Core/Src/main.c:989:8:toRadians	16	static
../Core/Src/main.c:993:8:calculateAngle	112	static
../Core/Src/main.c:1004:6:NEXTION_SendString	72	static
../Core/Src/main.c:1013:6:NEXTION_SendNum	24	static
../Core/Src/main.c:1023:6:NEXTION_SendFloat	48	static
../Core/Src/main.c:1040:6:Nextion_SendCommand	24	static
../Core/Src/main.c:1047:6:Nextion_SendFloatToTextbox	96	static
../Core/Src/main.c:1061:6:HYI_BUFFER_Fill	4	static
../Core/Src/main.c:1076:6:Payload_union_converter	24	static
../Core/Src/main.c:1156:6:Enum_State_bs	8	static
../Core/Src/main.c:1256:6:Enum_State_s	8	static
../Core/Src/main.c:1353:6:Error_Handler	4	static,ignoring_inline_asm
