../Core/Src/main.c:167:6:HAL_UART_RxCpltCallback	16	static
../Core/Src/main.c:199:5:main	136	static
../Core/Src/main.c:481:6:SystemClock_Config	88	static
../Core/Src/main.c:528:13:MX_ADC1_Init	24	static
../Core/Src/main.c:580:13:MX_I2C1_Init	8	static
../Core/Src/main.c:614:13:MX_SPI1_Init	8	static
../Core/Src/main.c:652:13:MX_UART4_Init	8	static
../Core/Src/main.c:685:13:MX_USART2_UART_Init	8	static
../Core/Src/main.c:718:13:MX_USART3_UART_Init	8	static
../Core/Src/main.c:751:13:MX_GPIO_Init	48	static
../Core/Src/main.c:815:6:E220_CONFIG	40	static
../Core/Src/main.c:853:8:distance_in_m	136	static
../Core/Src/main.c:871:8:toRadians	16	static
../Core/Src/main.c:875:8:calculateAngle	112	static
../Core/Src/main.c:886:6:NEXTION_SendString	72	static
../Core/Src/main.c:895:6:NEXTION_SendNum	24	static
../Core/Src/main.c:905:6:NEXTION_SendFloat	48	static
../Core/Src/main.c:922:6:HYI_BUFFER_Fill	4	static
../Core/Src/main.c:948:6:Error_Handler	4	static,ignoring_inline_asm
