../Core/Src/main.c:215:6:HAL_UART_RxCpltCallback	16	static
../Core/Src/main.c:247:5:main	136	static
../Core/Src/main.c:596:6:SystemClock_Config	88	static
../Core/Src/main.c:643:13:MX_ADC1_Init	24	static
../Core/Src/main.c:695:13:MX_I2C1_Init	8	static
../Core/Src/main.c:729:13:MX_SPI1_Init	8	static
../Core/Src/main.c:767:13:MX_UART4_Init	8	static
../Core/Src/main.c:800:13:MX_USART2_UART_Init	8	static
../Core/Src/main.c:833:13:MX_USART3_UART_Init	8	static
../Core/Src/main.c:866:13:MX_GPIO_Init	48	static
../Core/Src/main.c:930:6:E220_CONFIG	40	static
../Core/Src/main.c:968:8:distance_in_m	136	static
../Core/Src/main.c:986:8:toRadians	16	static
../Core/Src/main.c:990:8:calculateAngle	112	static
../Core/Src/main.c:1001:6:NEXTION_SendString	72	static
../Core/Src/main.c:1010:6:NEXTION_SendNum	24	static
../Core/Src/main.c:1020:6:NEXTION_SendFloat	48	static
../Core/Src/main.c:1037:6:HYI_BUFFER_Fill	4	static
../Core/Src/main.c:1052:6:Payload_union_converter	24	static
../Core/Src/main.c:1132:6:Enum_State_bs	8	static
../Core/Src/main.c:1232:6:Enum_State_s	8	static
../Core/Src/main.c:1329:6:Error_Handler	4	static,ignoring_inline_asm
